5 2 3 4 1 1230
3 2 5 4 1 1627
5 1 2 3 4 1575
1 4 2 3 5 1569
2 5 3 4 1 458
4 5 1 2 3 734
3 1 2 5 4 1684
3 1 5 4 2 1898
1 3 4 2 5 1030
3 1 4 2 5 2159
2 1 5 3 4 434